Archive member included to satisfy reference by file (symbol)

C:/ProgramFiles/ST/STM32CubeIDE_1.16.0/STM32CubeIDE/plugins/com.st.stm32cube.ide.mcu.externaltools.gnu-tools-for-stm32.12.3.rel1.win32_1.1.0.202410251130/tools/bin/../lib/gcc/arm-none-eabi/12.3.1/../../../../arm-none-eabi/lib/thumb/v6-m/nofp\libc_nano.a(libc_a-exit.o)
                              C:/ProgramFiles/ST/STM32CubeIDE_1.16.0/STM32CubeIDE/plugins/com.st.stm32cube.ide.mcu.externaltools.gnu-tools-for-stm32.12.3.rel1.win32_1.1.0.202410251130/tools/bin/../lib/gcc/arm-none-eabi/12.3.1/../../../../arm-none-eabi/lib/thumb/v6-m/nofp/crt0.o (exit)
C:/ProgramFiles/ST/STM32CubeIDE_1.16.0/STM32CubeIDE/plugins/com.st.stm32cube.ide.mcu.externaltools.gnu-tools-for-stm32.12.3.rel1.win32_1.1.0.202410251130/tools/bin/../lib/gcc/arm-none-eabi/12.3.1/../../../../arm-none-eabi/lib/thumb/v6-m/nofp\libc_nano.a(libc_a-findfp.o)
                              C:/ProgramFiles/ST/STM32CubeIDE_1.16.0/STM32CubeIDE/plugins/com.st.stm32cube.ide.mcu.externaltools.gnu-tools-for-stm32.12.3.rel1.win32_1.1.0.202410251130/tools/bin/../lib/gcc/arm-none-eabi/12.3.1/../../../../arm-none-eabi/lib/thumb/v6-m/nofp\libc_nano.a(libc_a-exit.o) (__stdio_exit_handler)
C:/ProgramFiles/ST/STM32CubeIDE_1.16.0/STM32CubeIDE/plugins/com.st.stm32cube.ide.mcu.externaltools.gnu-tools-for-stm32.12.3.rel1.win32_1.1.0.202410251130/tools/bin/../lib/gcc/arm-none-eabi/12.3.1/../../../../arm-none-eabi/lib/thumb/v6-m/nofp\libc_nano.a(libc_a-fwalk.o)
                              C:/ProgramFiles/ST/STM32CubeIDE_1.16.0/STM32CubeIDE/plugins/com.st.stm32cube.ide.mcu.externaltools.gnu-tools-for-stm32.12.3.rel1.win32_1.1.0.202410251130/tools/bin/../lib/gcc/arm-none-eabi/12.3.1/../../../../arm-none-eabi/lib/thumb/v6-m/nofp\libc_nano.a(libc_a-findfp.o) (_fwalk_sglue)
C:/ProgramFiles/ST/STM32CubeIDE_1.16.0/STM32CubeIDE/plugins/com.st.stm32cube.ide.mcu.externaltools.gnu-tools-for-stm32.12.3.rel1.win32_1.1.0.202410251130/tools/bin/../lib/gcc/arm-none-eabi/12.3.1/../../../../arm-none-eabi/lib/thumb/v6-m/nofp\libc_nano.a(libc_a-stdio.o)
                              C:/ProgramFiles/ST/STM32CubeIDE_1.16.0/STM32CubeIDE/plugins/com.st.stm32cube.ide.mcu.externaltools.gnu-tools-for-stm32.12.3.rel1.win32_1.1.0.202410251130/tools/bin/../lib/gcc/arm-none-eabi/12.3.1/../../../../arm-none-eabi/lib/thumb/v6-m/nofp\libc_nano.a(libc_a-findfp.o) (__sread)
C:/ProgramFiles/ST/STM32CubeIDE_1.16.0/STM32CubeIDE/plugins/com.st.stm32cube.ide.mcu.externaltools.gnu-tools-for-stm32.12.3.rel1.win32_1.1.0.202410251130/tools/bin/../lib/gcc/arm-none-eabi/12.3.1/../../../../arm-none-eabi/lib/thumb/v6-m/nofp\libc_nano.a(libc_a-memset.o)
                              C:/ProgramFiles/ST/STM32CubeIDE_1.16.0/STM32CubeIDE/plugins/com.st.stm32cube.ide.mcu.externaltools.gnu-tools-for-stm32.12.3.rel1.win32_1.1.0.202410251130/tools/bin/../lib/gcc/arm-none-eabi/12.3.1/../../../../arm-none-eabi/lib/thumb/v6-m/nofp/crt0.o (memset)
C:/ProgramFiles/ST/STM32CubeIDE_1.16.0/STM32CubeIDE/plugins/com.st.stm32cube.ide.mcu.externaltools.gnu-tools-for-stm32.12.3.rel1.win32_1.1.0.202410251130/tools/bin/../lib/gcc/arm-none-eabi/12.3.1/../../../../arm-none-eabi/lib/thumb/v6-m/nofp\libc_nano.a(libc_a-closer.o)
                              C:/ProgramFiles/ST/STM32CubeIDE_1.16.0/STM32CubeIDE/plugins/com.st.stm32cube.ide.mcu.externaltools.gnu-tools-for-stm32.12.3.rel1.win32_1.1.0.202410251130/tools/bin/../lib/gcc/arm-none-eabi/12.3.1/../../../../arm-none-eabi/lib/thumb/v6-m/nofp\libc_nano.a(libc_a-stdio.o) (_close_r)
C:/ProgramFiles/ST/STM32CubeIDE_1.16.0/STM32CubeIDE/plugins/com.st.stm32cube.ide.mcu.externaltools.gnu-tools-for-stm32.12.3.rel1.win32_1.1.0.202410251130/tools/bin/../lib/gcc/arm-none-eabi/12.3.1/../../../../arm-none-eabi/lib/thumb/v6-m/nofp\libc_nano.a(libc_a-reent.o)
                              C:/ProgramFiles/ST/STM32CubeIDE_1.16.0/STM32CubeIDE/plugins/com.st.stm32cube.ide.mcu.externaltools.gnu-tools-for-stm32.12.3.rel1.win32_1.1.0.202410251130/tools/bin/../lib/gcc/arm-none-eabi/12.3.1/../../../../arm-none-eabi/lib/thumb/v6-m/nofp\libc_nano.a(libc_a-closer.o) (errno)
C:/ProgramFiles/ST/STM32CubeIDE_1.16.0/STM32CubeIDE/plugins/com.st.stm32cube.ide.mcu.externaltools.gnu-tools-for-stm32.12.3.rel1.win32_1.1.0.202410251130/tools/bin/../lib/gcc/arm-none-eabi/12.3.1/../../../../arm-none-eabi/lib/thumb/v6-m/nofp\libc_nano.a(libc_a-impure.o)
                              C:/ProgramFiles/ST/STM32CubeIDE_1.16.0/STM32CubeIDE/plugins/com.st.stm32cube.ide.mcu.externaltools.gnu-tools-for-stm32.12.3.rel1.win32_1.1.0.202410251130/tools/bin/../lib/gcc/arm-none-eabi/12.3.1/../../../../arm-none-eabi/lib/thumb/v6-m/nofp\libc_nano.a(libc_a-reent.o) (_impure_ptr)
C:/ProgramFiles/ST/STM32CubeIDE_1.16.0/STM32CubeIDE/plugins/com.st.stm32cube.ide.mcu.externaltools.gnu-tools-for-stm32.12.3.rel1.win32_1.1.0.202410251130/tools/bin/../lib/gcc/arm-none-eabi/12.3.1/../../../../arm-none-eabi/lib/thumb/v6-m/nofp\libc_nano.a(libc_a-lseekr.o)
[...]
Memory Configuration

Name             Origin             Length             Attributes
RAM              0x20000000         0x00003000         xrw
FLASH            0x08000000         0x00008000         xr
*default*        0x00000000         0xffffffff

Linker script and memory map

LOAD C:/ProgramFiles/ST/STM32CubeIDE_1.16.0/STM32CubeIDE/plugins/com.st.stm32cube.ide.mcu.externaltools.gnu-tools-for-stm32.12.3.rel1.win32_1.1.0.202410251130/tools/bin/../lib/gcc/arm-none-eabi/12.3.1/thumb/v6-m/nofp/crti.o
LOAD C:/ProgramFiles/ST/STM32CubeIDE_1.16.0/STM32CubeIDE/plugins/com.st.stm32cube.ide.mcu.externaltools.gnu-tools-for-stm32.12.3.rel1.win32_1.1.0.202410251130/tools/bin/../lib/gcc/arm-none-eabi/12.3.1/thumb/v6-m/nofp/crtbegin.o
LOAD C:/ProgramFiles/ST/STM32CubeIDE_1.16.0/STM32CubeIDE/plugins/com.st.stm32cube.ide.mcu.externaltools.gnu-tools-for-stm32.12.3.rel1.win32_1.1.0.202410251130/tools/bin/../lib/gcc/arm-none-eabi/12.3.1/../../../../arm-none-eabi/lib/thumb/v6-m/nofp/crt0.o
LOAD ./Core/Src/main.o
LOAD ./Core/Src/stm32c0xx_hal_msp.o
LOAD ./Core/Src/stm32c0xx_it.o
LOAD ./Core/Src/syscalls.o
LOAD ./Core/Src/sysmem.o
LOAD ./Core/Src/system_stm32c0xx.o
LOAD ./Core/Startup/startup_stm32c031k6tx.o
LOAD ./Drivers/STM32C0xx_HAL_Driver/Src/stm32c0xx_hal.o
LOAD ./Drivers/STM32C0xx_HAL_Driver/Src/stm32c0xx_hal_cortex.o
LOAD ./Drivers/STM32C0xx_HAL_Driver/Src/stm32c0xx_hal_dma.o
LOAD ./Drivers/STM32C0xx_HAL_Driver/Src/stm32c0xx_hal_dma_ex.o
LOAD ./Drivers/STM32C0xx_HAL_Driver/Src/stm32c0xx_hal_exti.o
LOAD ./Drivers/STM32C0xx_HAL_Driver/Src/stm32c0xx_hal_flash.o
LOAD ./Drivers/STM32C0xx_HAL_Driver/Src/stm32c0xx_hal_flash_ex.o
LOAD ./Drivers/STM32C0xx_HAL_Driver/Src/stm32c0xx_hal_gpio.o
LOAD ./Drivers/STM32C0xx_HAL_Driver/Src/stm32c0xx_hal_pwr.o
LOAD ./Drivers/STM32C0xx_HAL_Driver/Src/stm32c0xx_hal_pwr_ex.o
LOAD ./Drivers/STM32C0xx_HAL_Driver/Src/stm32c0xx_hal_rcc.o
LOAD ./Drivers/STM32C0xx_HAL_Driver/Src/stm32c0xx_hal_rcc_ex.o
LOAD ./Drivers/STM32C0xx_HAL_Driver/Src/stm32c0xx_hal_tim.o
LOAD ./Drivers/STM32C0xx_HAL_Driver/Src/stm32c0xx_hal_tim_ex.o
LOAD ./Drivers/STM32C0xx_HAL_Driver/Src/stm32c0xx_hal_uart.o
LOAD ./Drivers/STM32C0xx_HAL_Driver/Src/stm32c0xx_hal_uart_ex.o
START GROUP
LOAD C:/ProgramFiles/ST/STM32CubeIDE_1.16.0/STM32CubeIDE/plugins/com.st.stm32cube.ide.mcu.externaltools.gnu-tools-for-stm32.12.3.rel1.win32_1.1.0.202410251130/tools/bin/../lib/gcc/arm-none-eabi/12.3.1/../../../../arm-none-eabi/lib/thumb/v6-m/nofp\libc_nano.a
LOAD C:/ProgramFiles/ST/STM32CubeIDE_1.16.0/STM32CubeIDE/plugins/com.st.stm32cube.ide.mcu.externaltools.gnu-tools-for-stm32.12.3.rel1.win32_1.1.0.202410251130/tools/bin/../lib/gcc/arm-none-eabi/12.3.1/../../../../arm-none-eabi/lib/thumb/v6-m/nofp\libm.a
END GROUP
START GROUP
LOAD C:/ProgramFiles/ST/STM32CubeIDE_1.16.0/STM32CubeIDE/plugins/com.st.stm32cube.ide.mcu.externaltools.gnu-tools-for-stm32.12.3.rel1.win32_1.1.0.202410251130/tools/bin/../lib/gcc/arm-none-eabi/12.3.1/thumb/v6-m/nofp\libgcc.a
LOAD C:/ProgramFiles/ST/STM32CubeIDE_1.16.0/STM32CubeIDE/plugins/com.st.stm32cube.ide.mcu.externaltools.gnu-tools-for-stm32.12.3.rel1.win32_1.1.0.202410251130/tools/bin/../lib/gcc/arm-none-eabi/12.3.1/../../../../arm-none-eabi/lib/thumb/v6-m/nofp\libg_nano.a
LOAD C:/ProgramFiles/ST/STM32CubeIDE_1.16.0/STM32CubeIDE/plugins/com.st.stm32cube.ide.mcu.externaltools.gnu-tools-for-stm32.12.3.rel1.win32_1.1.0.202410251130/tools/bin/../lib/gcc/arm-none-eabi/12.3.1/../../../../arm-none-eabi/lib/thumb/v6-m/nofp\libc_nano.a
END GROUP
START GROUP
LOAD C:/ProgramFiles/ST/STM32CubeIDE_1.16.0/STM32CubeIDE/plugins/com.st.stm32cube.ide.mcu.externaltools.gnu-tools-for-stm32.12.3.rel1.win32_1.1.0.202410251130/tools/bin/../lib/gcc/arm-none-eabi/12.3.1/thumb/v6-m/nofp\libgcc.a
LOAD C:/ProgramFiles/ST/STM32CubeIDE_1.16.0/STM32CubeIDE/plugins/com.st.stm32cube.ide.mcu.externaltools.gnu-tools-for-stm32.12.3.rel1.win32_1.1.0.202410251130/tools/bin/../lib/gcc/arm-none-eabi/12.3.1/../../../../arm-none-eabi/lib/thumb/v6-m/nofp\libc_nano.a
LOAD C:/ProgramFiles/ST/STM32CubeIDE_1.16.0/STM32CubeIDE/plugins/com.st.stm32cube.ide.mcu.externaltools.gnu-tools-for-stm32.12.3.rel1.win32_1.1.0.202410251130/tools/bin/../lib/gcc/arm-none-eabi/12.3.1/../../../../arm-none-eabi/lib/thumb/v6-m/nofp\libnosys.a
END GROUP
START GROUP
LOAD C:/ProgramFiles/ST/STM32CubeIDE_1.16.0/STM32CubeIDE/plugins/com.st.stm32cube.ide.mcu.externaltools.gnu-tools-for-stm32.12.3.rel1.win32_1.1.0.202410251130/tools/bin/../lib/gcc/arm-none-eabi/12.3.1/thumb/v6-m/nofp\libgcc.a
LOAD C:/ProgramFiles/ST/STM32CubeIDE_1.16.0/STM32CubeIDE/plugins/com.st.stm32cube.ide.mcu.externaltools.gnu-tools-for-stm32.12.3.rel1.win32_1.1.0.202410251130/tools/bin/../lib/gcc/arm-none-eabi/12.3.1/../../../../arm-none-eabi/lib/thumb/v6-m/nofp\libc_nano.a
LOAD C:/ProgramFiles/ST/STM32CubeIDE_1.16.0/STM32CubeIDE/plugins/com.st.stm32cube.ide.mcu.externaltools.gnu-tools-for-stm32.12.3.rel1.win32_1.1.0.202410251130/tools/bin/../lib/gcc/arm-none-eabi/12.3.1/../../../../arm-none-eabi/lib/thumb/v6-m/nofp\libnosys.a
END GROUP
LOAD C:/ProgramFiles/ST/STM32CubeIDE_1.16.0/STM32CubeIDE/plugins/com.st.stm32cube.ide.mcu.externaltools.gnu-tools-for-stm32.12.3.rel1.win32_1.1.0.202410251130/tools/bin/../lib/gcc/arm-none-eabi/12.3.1/thumb/v6-m/nofp/crtend.o
LOAD C:/ProgramFiles/ST/STM32CubeIDE_1.16.0/STM32CubeIDE/plugins/com.st.stm32cube.ide.mcu.externaltools.gnu-tools-for-stm32.12.3.rel1.win32_1.1.0.202410251130/tools/bin/../lib/gcc/arm-none-eabi/12.3.1/thumb/v6-m/nofp/crtn.o
                0x20003000                        _estack = (ORIGIN (RAM) + LENGTH (RAM))
                0x00000200                        _Min_Heap_Size = 0x200
                0x00000400                        _Min_Stack_Size = 0x400

.isr_vector     0x08000000       0xc0
                0x08000000                        . = ALIGN (0x4)
 *(.isr_vector)
 .isr_vector    0x08000000       0xc0 ./Core/Startup/startup_stm32c031k6tx.o
                0x08000000                g_pfnVectors
                0x080000c0                        . = ALIGN (0x4)

.text           0x080000c0     0x4084
                0x080000c0                        . = ALIGN (0x4)
 *(.text)
 .text          0x080000c0       0x48 C:/ProgramFiles/ST/STM32CubeIDE_1.16.0/STM32CubeIDE/plugins/com.st.stm32cube.ide.mcu.externaltools.gnu-tools-for-stm32.12.3.rel1.win32_1.1.0.202410251130/tools/bin/../lib/gcc/arm-none-eabi/12.3.1/thumb/v6-m/nofp/crtbegin.o
 .text          0x08000108      0x114 C:/ProgramFiles/ST/STM32CubeIDE_1.16.0/STM32CubeIDE/plugins/com.st.stm32cube.ide.mcu.externaltools.gnu-tools-for-stm32.12.3.rel1.win32_1.1.0.202410251130/tools/bin/../lib/gcc/arm-none-eabi/12.3.1/thumb/v6-m/nofp\libgcc.a(_udivsi3.o)
                0x08000108                __aeabi_uidiv
                0x08000108                __udivsi3
                0x08000214                __aeabi_uidivmod
 .text          0x0800021c        0x4 C:/ProgramFiles/ST/STM32CubeIDE_1.16.0/STM32CubeIDE/plugins/com.st.stm32cube.ide.mcu.externaltools.gnu-tools-for-stm32.12.3.rel1.win32_1.1.0.202410251130/tools/bin/../lib/gcc/arm-none-eabi/12.3.1/thumb/v6-m/nofp\libgcc.a(_dvmd_tls.o)
                0x0800021c                __aeabi_idiv0
                0x0800021c                __aeabi_ldiv0
 .text          0x08000220       0x30 C:/ProgramFiles/ST/STM32CubeIDE_1.16.0/STM32CubeIDE/plugins/com.st.stm32cube.ide.mcu.externaltools.gnu-tools-for-stm32.12.3.rel1.win32_1.1.0.202410251130/tools/bin/../lib/gcc/arm-none-eabi/12.3.1/thumb/v6-m/nofp\libgcc.a(_fixunssfsi.o)
                0x08000220                __fixunssfsi
                0x08000220                __aeabi_f2uiz
 .text          0x08000250      0x314 C:/ProgramFiles/ST/STM32CubeIDE_1.16.0/STM32CubeIDE/plugins/com.st.stm32cube.ide.mcu.externaltools.gnu-tools-for-stm32.12.3.rel1.win32_1.1.0.202410251130/tools/bin/../lib/gcc/arm-none-eabi/12.3.1/thumb/v6-m/nofp\libgcc.a(addsf3.o)
                0x08000250                __aeabi_fadd
 .text          0x08000564      0x240 C:/ProgramFiles/ST/STM32CubeIDE_1.16.0/STM32CubeIDE/plugins/com.st.stm32cube.ide.mcu.externaltools.gnu-tools-for-stm32.12.3.rel1.win32_1.1.0.202410251130/tools/bin/../lib/gcc/arm-none-eabi/12.3.1/thumb/v6-m/nofp\libgcc.a(divsf3.o)
                0x08000564                __aeabi_fdiv
 .text          0x080007a4      0x27c C:/ProgramFiles/ST/STM32CubeIDE_1.16.0/STM32CubeIDE/plugins/com.st.stm32cube.ide.mcu.externaltools.gnu-tools-for-stm32.12.3.rel1.win32_1.1.0.202410251130/tools/bin/../lib/gcc/arm-none-eabi/12.3.1/thumb/v6-m/nofp\libgcc.a(mulsf3.o)
                0x080007a4                __aeabi_fmul
 .text          0x08000a20      0x348 C:/ProgramFiles/ST/STM32CubeIDE_1.16.0/STM32CubeIDE/plugins/com.st.stm32cube.ide.mcu.externaltools.gnu-tools-for-stm32.12.3.rel1.win32_1.1.0.202410251130/tools/bin/../lib/gcc/arm-none-eabi/12.3.1/thumb/v6-m/nofp\libgcc.a(subsf3.o)
                0x08000a20                __aeabi_fsub
 .text          0x08000d68       0x40 C:/ProgramFiles/ST/STM32CubeIDE_1.16.0/STM32CubeIDE/plugins/com.st.stm32cube.ide.mcu.externaltools.gnu-tools-for-stm32.12.3.rel1.win32_1.1.0.202410251130/tools/bin/../lib/gcc/arm-none-eabi/12.3.1/thumb/v6-m/nofp\libgcc.a(fixsfsi.o)
                0x08000d68                __aeabi_f2iz
 .text          0x08000da8       0x84 C:/ProgramFiles/ST/STM32CubeIDE_1.16.0/STM32CubeIDE/plugins/com.st.stm32cube.ide.mcu.externaltools.gnu-tools-for-stm32.12.3.rel1.win32_1.1.0.202410251130/tools/bin/../lib/gcc/arm-none-eabi/12.3.1/thumb/v6-m/nofp\libgcc.a(floatunsisf.o)
                0x08000da8                __aeabi_ui2f
 .text          0x08000e2c      0x6c8 C:/ProgramFiles/ST/STM32CubeIDE_1.16.0/STM32CubeIDE/plugins/com.st.stm32cube.ide.mcu.externaltools.gnu-tools-for-stm32.12.3.rel1.win32_1.1.0.202410251130/tools/bin/../lib/gcc/arm-none-eabi/12.3.1/thumb/v6-m/nofp\libgcc.a(adddf3.o)
                0x08000e2c                __aeabi_dadd
 .text          0x080014f4      0x590 C:/ProgramFiles/ST/STM32CubeIDE_1.16.0/STM32CubeIDE/plugins/com.st.stm32cube.ide.mcu.externaltools.gnu-tools-for-stm32.12.3.rel1.win32_1.1.0.202410251130/tools/bin/../lib/gcc/arm-none-eabi/12.3.1/thumb/v6-m/nofp\libgcc.a(muldf3.o)
                0x080014f4                __aeabi_dmul
 .text          0x08001a84       0x78 C:/ProgramFiles/ST/STM32CubeIDE_1.16.0/STM32CubeIDE/plugins/com.st.stm32cube.ide.mcu.externaltools.gnu-tools-for-stm32.12.3.rel1.win32_1.1.0.202410251130/tools/bin/../lib/gcc/arm-none-eabi/12.3.1/thumb/v6-m/nofp\libgcc.a(fixdfsi.o)
                0x08001a84                __aeabi_d2iz
 .text          0x08001afc       0x5c C:/ProgramFiles/ST/STM32CubeIDE_1.16.0/STM32CubeIDE/plugins/com.st.stm32cube.ide.mcu.externaltools.gnu-tools-for-stm32.12.3.rel1.win32_1.1.0.202410251130/tools/bin/../lib/gcc/arm-none-eabi/12.3.1/thumb/v6-m/nofp\libgcc.a(floatsidf.o)
                0x08001afc                __aeabi_i2d
 .text          0x08001b58       0x74 C:/ProgramFiles/ST/STM32CubeIDE_1.16.0/STM32CubeIDE/plugins/com.st.stm32cube.ide.mcu.externaltools.gnu-tools-for-stm32.12.3.rel1.win32_1.1.0.202410251130/tools/bin/../lib/gcc/arm-none-eabi/12.3.1/thumb/v6-m/nofp\libgcc.a(_arm_cmpsf2.o)
                0x08001b58                __aeabi_cfrcmple
                0x08001b60                __aeabi_cfcmpeq
                0x08001b60                __aeabi_cfcmple
                0x08001b70                __aeabi_fcmpeq
                0x08001b7c                __aeabi_fcmplt
                0x08001b90                __aeabi_fcmple
                0x08001ba4                __aeabi_fcmpgt
                0x08001bb8                __aeabi_fcmpge
 .text          0x08001bcc       0x3c C:/ProgramFiles/ST/STM32CubeIDE_1.16.0/STM32CubeIDE/plugins/com.st.stm32cube.ide.mcu.externaltools.gnu-tools-for-stm32.12.3.rel1.win32_1.1.0.202410251130/tools/bin/../lib/gcc/arm-none-eabi/12.3.1/thumb/v6-m/nofp\libgcc.a(_clzsi2.o)
                0x08001bcc                __clzsi2
 .text          0x08001c08       0x50 C:/ProgramFiles/ST/STM32CubeIDE_1.16.0/STM32CubeIDE/plugins/com.st.stm32cube.ide.mcu.externaltools.gnu-tools-for-stm32.12.3.rel1.win32_1.1.0.202410251130/tools/bin/../lib/gcc/arm-none-eabi/12.3.1/thumb/v6-m/nofp\libgcc.a(eqsf2.o)
                0x08001c08                __eqsf2
                0x08001c08                __nesf2
 .text          0x08001c58       0xa0 C:/ProgramFiles/ST/STM32CubeIDE_1.16.0/STM32CubeIDE/plugins/com.st.stm32cube.ide.mcu.externaltools.gnu-tools-for-stm32.12.3.rel1.win32_1.1.0.202410251130/tools/bin/../lib/gcc/arm-none-eabi/12.3.1/thumb/v6-m/nofp\libgcc.a(gesf2.o)
                0x08001c58                __gesf2
                0x08001c58                __gtsf2
 .text          0x08001cf8       0x9c C:/ProgramFiles/ST/STM32CubeIDE_1.16.0/STM32CubeIDE/plugins/com.st.stm32cube.ide.mcu.externaltools.gnu-tools-for-stm32.12.3.rel1.win32_1.1.0.202410251130/tools/bin/../lib/gcc/arm-none-eabi/12.3.1/thumb/v6-m/nofp\libgcc.a(lesf2.o)
                0x08001cf8                __ltsf2
                0x08001cf8                __lesf2
 *(.text*)
 .text.MX_USART2_UART_Init
                0x08001d94       0x3c ./Core/Src/main.o
 .text.SystemClock_Config
                0x08001dd0       0x70 ./Core/Src/main.o
                0x08001dd0                SystemClock_Config
 .text.startup.main
                0x08001e40      0x1e4 ./Core/Src/main.o
                0x08001e40                main
 .text.SEND_VIA_UART
                0x08002024       0x68 ./Core/Src/main.o
                0x08002024                SEND_VIA_UART
 .text.HAL_TIM_PeriodElapsedCallback
                0x0800208c      0x104 ./Core/Src/main.o
                0x0800208c                HAL_TIM_PeriodElapsedCallback
 .text.HAL_UART_TxCpltCallback
                0x08002190       0x60 ./Core/Src/main.o
                0x08002190                HAL_UART_TxCpltCallback
 .text.EXIT_DEEP_SLEEP
                0x080021f0       0x5c ./Core/Src/main.o
                0x080021f0                EXIT_DEEP_SLEEP
 .text.HAL_GPIO_EXTI_Rising_Callback
                0x0800224c       0x74 ./Core/Src/main.o
                0x0800224c                HAL_GPIO_EXTI_Rising_Callback
 .text.HAL_GPIO_EXTI_Falling_Callback
                0x080022c0       0x8c ./Core/Src/main.o
                0x080022c0                HAL_GPIO_EXTI_Falling_Callback
 .text.Error_Handler
                0x0800234c        0x4 ./Core/Src/main.o
                0x0800234c                Error_Handler
 .text.HAL_MspInit
                0x08002350       0x30 ./Core/Src/stm32c0xx_hal_msp.o
                0x08002350                HAL_MspInit
 .text.HAL_TIM_Base_MspInit
                0x08002380       0x40 ./Core/Src/stm32c0xx_hal_msp.o
                0x08002380                HAL_TIM_Base_MspInit
 .text.HAL_UART_MspInit
                0x080023c0       0xac ./Core/Src/stm32c0xx_hal_msp.o
                0x080023c0                HAL_UART_MspInit
 .text.HAL_UART_MspDeInit
                0x0800246c       0x3c ./Core/Src/stm32c0xx_hal_msp.o
                0x0800246c                HAL_UART_MspDeInit
 .text.NMI_Handler
                0x080024a8        0x4 ./Core/Src/stm32c0xx_it.o
                0x080024a8                NMI_Handler
 .text.HardFault_Handler
                0x080024ac        0x4 ./Core/Src/stm32c0xx_it.o
                0x080024ac                HardFault_Handler
 .text.SVC_Handler
                0x080024b0        0x4 ./Core/Src/stm32c0xx_it.o
                0x080024b0                SVC_Handler
 .text.PendSV_Handler
                0x080024b4        0x4 ./Core/Src/stm32c0xx_it.o
                0x080024b4                PendSV_Handler
 .text.SysTick_Handler
                0x080024b8        0x8 ./Core/Src/stm32c0xx_it.o
                0x080024b8                SysTick_Handler
 .text.EXTI4_15_IRQHandler
                0x080024c0       0x14 ./Core/Src/stm32c0xx_it.o
                0x080024c0                EXTI4_15_IRQHandler
 .text.DMA1_Channel1_IRQHandler
                0x080024d4       0x10 ./Core/Src/stm32c0xx_it.o
                0x080024d4                DMA1_Channel1_IRQHandler
 .text.TIM16_IRQHandler
                0x080024e4       0x10 ./Core/Src/stm32c0xx_it.o
                0x080024e4                TIM16_IRQHandler
 .text.USART2_IRQHandler
                0x080024f4       0x10 ./Core/Src/stm32c0xx_it.o
                0x080024f4                USART2_IRQHandler
 .text.SystemInit
                0x08002504       0x10 ./Core/Src/system_stm32c0xx.o
                0x08002504                SystemInit
 .text.Reset_Handler
                0x08002514       0x50 ./Core/Startup/startup_stm32c031k6tx.o
                0x08002514                Reset_Handler
 .text.Default_Handler
                0x08002564        0x2 ./Core/Startup/startup_stm32c031k6tx.o
                0x08002564                TIM1_CC_IRQHandler
                0x08002564                I2C1_IRQHandler
                0x08002564                DMAMUX1_IRQHandler
                0x08002564                SPI1_IRQHandler
                0x08002564                EXTI2_3_IRQHandler
                0x08002564                ADC1_IRQHandler
                0x08002564                TIM17_IRQHandler
                0x08002564                RTC_IRQHandler
                0x08002564                TIM3_IRQHandler
                0x08002564                RCC_IRQHandler
                0x08002564                Default_Handler
                0x08002564                TIM14_IRQHandler
                0x08002564                EXTI0_1_IRQHandler
                0x08002564                WWDG_IRQHandler
                0x08002564                DMA1_Channel2_3_IRQHandler
                0x08002564                FLASH_IRQHandler
                0x08002564                USART1_IRQHandler
                0x08002564                TIM1_BRK_UP_TRG_COM_IRQHandler
 *fill*         0x08002566        0x2 
 .text.HAL_InitTick
                0x08002568       0x4c ./Drivers/STM32C0xx_HAL_Driver/Src/stm32c0xx_hal.o
                0x08002568                HAL_InitTick
 .text.HAL_Init
                0x080025b4       0x18 ./Drivers/STM32C0xx_HAL_Driver/Src/stm32c0xx_hal.o
                0x080025b4                HAL_Init
 .text.HAL_IncTick
                0x080025cc       0x18 ./Drivers/STM32C0xx_HAL_Driver/Src/stm32c0xx_hal.o
                0x080025cc                HAL_IncTick
 .text.HAL_GetTick
                0x080025e4        0xc ./Drivers/STM32C0xx_HAL_Driver/Src/stm32c0xx_hal.o
                0x080025e4                HAL_GetTick
 .text.HAL_Delay
                0x080025f0       0x24 ./Drivers/STM32C0xx_HAL_Driver/Src/stm32c0xx_hal.o
                0x080025f0                HAL_Delay
 .text.HAL_SuspendTick
                0x08002614       0x10 ./Drivers/STM32C0xx_HAL_Driver/Src/stm32c0xx_hal.o
                0x08002614                HAL_SuspendTick
 .text.HAL_ResumeTick
                0x08002624       0x10 ./Drivers/STM32C0xx_HAL_Driver/Src/stm32c0xx_hal.o
                0x08002624                HAL_ResumeTick
 .text.HAL_NVIC_SetPriority
                0x08002634       0x54 ./Drivers/STM32C0xx_HAL_Driver/Src/stm32c0xx_hal_cortex.o
                0x08002634                HAL_NVIC_SetPriority
 .text.HAL_NVIC_EnableIRQ
                0x08002688       0x18 ./Drivers/STM32C0xx_HAL_Driver/Src/stm32c0xx_hal_cortex.o
                0x08002688                HAL_NVIC_EnableIRQ
 .text.HAL_NVIC_DisableIRQ
                0x080026a0       0x20 ./Drivers/STM32C0xx_HAL_Driver/Src/stm32c0xx_hal_cortex.o
                0x080026a0                HAL_NVIC_DisableIRQ
 .text.HAL_SYSTICK_Config
                0x080026c0       0x34 ./Drivers/STM32C0xx_HAL_Driver/Src/stm32c0xx_hal_cortex.o
                0x080026c0                HAL_SYSTICK_Config
 .text.DMA_SetConfig
                0x080026f4       0x40 ./Drivers/STM32C0xx_HAL_Driver/Src/stm32c0xx_hal_dma.o
 .text.HAL_DMA_Init
                0x08002734       0xf4 ./Drivers/STM32C0xx_HAL_Driver/Src/stm32c0xx_hal_dma.o
                0x08002734                HAL_DMA_Init
 .text.HAL_DMA_DeInit
                0x08002828       0xcc ./Drivers/STM32C0xx_HAL_Driver/Src/stm32c0xx_hal_dma.o
                0x08002828                HAL_DMA_DeInit
 .text.HAL_DMA_Start_IT
                0x080028f4       0x8c ./Drivers/STM32C0xx_HAL_Driver/Src/stm32c0xx_hal_dma.o
                0x080028f4                HAL_DMA_Start_IT
 .text.HAL_DMA_Abort
                0x08002980       0x78 ./Drivers/STM32C0xx_HAL_Driver/Src/stm32c0xx_hal_dma.o
                0x08002980                HAL_DMA_Abort
 .text.HAL_DMA_Abort_IT
                0x080029f8       0x7c ./Drivers/STM32C0xx_HAL_Driver/Src/stm32c0xx_hal_dma.o
                0x080029f8                HAL_DMA_Abort_IT
 .text.HAL_DMA_IRQHandler
                0x08002a74       0xb8 ./Drivers/STM32C0xx_HAL_Driver/Src/stm32c0xx_hal_dma.o
                0x08002a74                HAL_DMA_IRQHandler
 .text.HAL_GPIO_Init
                0x08002b2c      0x21c ./Drivers/STM32C0xx_HAL_Driver/Src/stm32c0xx_hal_gpio.o
                0x08002b2c                HAL_GPIO_Init
 .text.HAL_GPIO_DeInit
                0x08002d48      0x128 ./Drivers/STM32C0xx_HAL_Driver/Src/stm32c0xx_hal_gpio.o
                0x08002d48                HAL_GPIO_DeInit
 .text.HAL_GPIO_ReadPin
                0x08002e70        0xc ./Drivers/STM32C0xx_HAL_Driver/Src/stm32c0xx_hal_gpio.o
                0x08002e70                HAL_GPIO_ReadPin
 .text.HAL_GPIO_EXTI_IRQHandler
                0x08002e7c       0x34 ./Drivers/STM32C0xx_HAL_Driver/Src/stm32c0xx_hal_gpio.o
                0x08002e7c                HAL_GPIO_EXTI_IRQHandler
 .text.HAL_RCC_OscConfig
                0x08002eb0      0x290 ./Drivers/STM32C0xx_HAL_Driver/Src/stm32c0xx_hal_rcc.o
                0x08002eb0                HAL_RCC_OscConfig
 .text.HAL_RCC_GetSysClockFreq
                0x08003140       0x5c ./Drivers/STM32C0xx_HAL_Driver/Src/stm32c0xx_hal_rcc.o
                0x08003140                HAL_RCC_GetSysClockFreq
 .text.HAL_RCC_ClockConfig
                0x0800319c      0x180 ./Drivers/STM32C0xx_HAL_Driver/Src/stm32c0xx_hal_rcc.o
                0x0800319c                HAL_RCC_ClockConfig
 .text.HAL_RCC_GetPCLK1Freq
                0x0800331c       0x90 ./Drivers/STM32C0xx_HAL_Driver/Src/stm32c0xx_hal_rcc.o
                0x0800331c                HAL_RCC_GetPCLK1Freq
 .text.HAL_TIM_Base_Start_IT
                0x080033ac       0x5c ./Drivers/STM32C0xx_HAL_Driver/Src/stm32c0xx_hal_tim.o
                0x080033ac                HAL_TIM_Base_Start_IT
 .text.HAL_TIM_Base_Stop_IT
                0x08003408       0x34 ./Drivers/STM32C0xx_HAL_Driver/Src/stm32c0xx_hal_tim.o
                0x08003408                HAL_TIM_Base_Stop_IT
 .text.HAL_TIM_OC_DelayElapsedCallback
                0x0800343c        0x4 ./Drivers/STM32C0xx_HAL_Driver/Src/stm32c0xx_hal_tim.o
                0x0800343c                HAL_TIM_OC_DelayElapsedCallback
 .text.HAL_TIM_IC_CaptureCallback
                0x08003440        0x4 ./Drivers/STM32C0xx_HAL_Driver/Src/stm32c0xx_hal_tim.o
                0x08003440                HAL_TIM_IC_CaptureCallback
 .text.HAL_TIM_PWM_PulseFinishedCallback
                0x08003444        0x4 ./Drivers/STM32C0xx_HAL_Driver/Src/stm32c0xx_hal_tim.o
                0x08003444                HAL_TIM_PWM_PulseFinishedCallback
 .text.HAL_TIM_TriggerCallback
                0x08003448        0x4 ./Drivers/STM32C0xx_HAL_Driver/Src/stm32c0xx_hal_tim.o
                0x08003448                HAL_TIM_TriggerCallback
 .text.HAL_TIM_IRQHandler
                0x0800344c      0x174 ./Drivers/STM32C0xx_HAL_Driver/Src/stm32c0xx_hal_tim.o
                0x0800344c                HAL_TIM_IRQHandler
 .text.TIM_Base_SetConfig
                0x080035c0       0xa0 ./Drivers/STM32C0xx_HAL_Driver/Src/stm32c0xx_hal_tim.o
                0x080035c0                TIM_Base_SetConfig
 .text.HAL_TIM_Base_Init
                0x08003660       0x60 ./Drivers/STM32C0xx_HAL_Driver/Src/stm32c0xx_hal_tim.o
                0x08003660                HAL_TIM_Base_Init
 .text.HAL_TIMEx_CommutCallback
                0x080036c0        0x4 ./Drivers/STM32C0xx_HAL_Driver/Src/stm32c0xx_hal_tim_ex.o
                0x080036c0                HAL_TIMEx_CommutCallback
 .text.HAL_TIMEx_BreakCallback
                0x080036c4        0x4 ./Drivers/STM32C0xx_HAL_Driver/Src/stm32c0xx_hal_tim_ex.o
                0x080036c4                HAL_TIMEx_BreakCallback
 .text.HAL_TIMEx_Break2Callback
                0x080036c8        0x4 ./Drivers/STM32C0xx_HAL_Driver/Src/stm32c0xx_hal_tim_ex.o
                0x080036c8                HAL_TIMEx_Break2Callback
 .text.UART_EndRxTransfer
                0x080036cc       0x64 ./Drivers/STM32C0xx_HAL_Driver/Src/stm32c0xx_hal_uart.o
 .text.HAL_UART_DeInit
                0x08003730       0x3c ./Drivers/STM32C0xx_HAL_Driver/Src/stm32c0xx_hal_uart.o
                0x08003730                HAL_UART_DeInit
 .text.HAL_UART_Transmit_DMA
                0x0800376c       0xb0 ./Drivers/STM32C0xx_HAL_Driver/Src/stm32c0xx_hal_uart.o
                0x0800376c                HAL_UART_Transmit_DMA
 .text.UART_DMATransmitCplt
                0x0800381c       0x50 ./Drivers/STM32C0xx_HAL_Driver/Src/stm32c0xx_hal_uart.o
 .text.HAL_UART_TxHalfCpltCallback
                0x0800386c        0x4 ./Drivers/STM32C0xx_HAL_Driver/Src/stm32c0xx_hal_uart.o
                0x0800386c                HAL_UART_TxHalfCpltCallback
 .text.UART_DMATxHalfCplt
                0x08003870        0xc ./Drivers/STM32C0xx_HAL_Driver/Src/stm32c0xx_hal_uart.o
 .text.HAL_UART_ErrorCallback
                0x0800387c        0x4 ./Drivers/STM32C0xx_HAL_Driver/Src/stm32c0xx_hal_uart.o
                0x0800387c                HAL_UART_ErrorCallback
 .text.UART_DMAError
                0x08003880       0x84 ./Drivers/STM32C0xx_HAL_Driver/Src/stm32c0xx_hal_uart.o
 .text.UART_DMAAbortOnError
                0x08003904       0x10 ./Drivers/STM32C0xx_HAL_Driver/Src/stm32c0xx_hal_uart.o
 .text.HAL_UARTEx_RxEventCallback
                0x08003914        0x4 ./Drivers/STM32C0xx_HAL_Driver/Src/stm32c0xx_hal_uart.o
                0x08003914                HAL_UARTEx_RxEventCallback
 .text.HAL_UART_IRQHandler
                0x08003918      0x37c ./Drivers/STM32C0xx_HAL_Driver/Src/stm32c0xx_hal_uart.o
                0x08003918                HAL_UART_IRQHandler
 .text.UART_SetConfig
                0x08003c94      0x180 ./Drivers/STM32C0xx_HAL_Driver/Src/stm32c0xx_hal_uart.o
                0x08003c94                UART_SetConfig
 .text.UART_AdvFeatureConfig
                0x08003e14       0xd0 ./Drivers/STM32C0xx_HAL_Driver/Src/stm32c0xx_hal_uart.o
                0x08003e14                UART_AdvFeatureConfig
 .text.UART_WaitOnFlagUntilTimeout
                0x08003ee4       0xa8 ./Drivers/STM32C0xx_HAL_Driver/Src/stm32c0xx_hal_uart.o
                0x08003ee4                UART_WaitOnFlagUntilTimeout
 .text.UART_CheckIdleState
                0x08003f8c       0xd0 ./Drivers/STM32C0xx_HAL_Driver/Src/stm32c0xx_hal_uart.o
                0x08003f8c                UART_CheckIdleState
 .text.HAL_UART_Init
                0x0800405c       0x6c ./Drivers/STM32C0xx_HAL_Driver/Src/stm32c0xx_hal_uart.o
                0x0800405c                HAL_UART_Init
 .text.HAL_UARTEx_WakeupCallback
                0x080040c8        0x4 ./Drivers/STM32C0xx_HAL_Driver/Src/stm32c0xx_hal_uart_ex.o
                0x080040c8                HAL_UARTEx_WakeupCallback
 .text.HAL_UARTEx_RxFifoFullCallback
                0x080040cc        0x4 ./Drivers/STM32C0xx_HAL_Driver/Src/stm32c0xx_hal_uart_ex.o
                0x080040cc                HAL_UARTEx_RxFifoFullCallback
 .text.HAL_UARTEx_TxFifoEmptyCallback
                0x080040d0        0x4 ./Drivers/STM32C0xx_HAL_Driver/Src/stm32c0xx_hal_uart_ex.o
                0x080040d0                HAL_UARTEx_TxFifoEmptyCallback
 .text.memset   0x080040d4       0x10 C:/ProgramFiles/ST/STM32CubeIDE_1.16.0/STM32CubeIDE/plugins/com.st.stm32cube.ide.mcu.externaltools.gnu-tools-for-stm32.12.3.rel1.win32_1.1.0.202410251130/tools/bin/../lib/gcc/arm-none-eabi/12.3.1/../../../../arm-none-eabi/lib/thumb/v6-m/nofp\libc_nano.a(libc_a-memset.o)
                0x080040d4                memset
 .text.__libc_init_array
                0x080040e4       0x48 C:/ProgramFiles/ST/STM32CubeIDE_1.16.0/STM32CubeIDE/plugins/com.st.stm32cube.ide.mcu.externaltools.gnu-tools-for-stm32.12.3.rel1.win32_1.1.0.202410251130/tools/bin/../lib/gcc/arm-none-eabi/12.3.1/../../../../arm-none-eabi/lib/thumb/v6-m/nofp\libc_nano.a(libc_a-init.o)
                0x080040e4                __libc_init_array
 *(.glue_7)
 .glue_7        0x0800412c        0x0 linker stubs
 *(.glue_7t)
 .glue_7t       0x0800412c        0x0 linker stubs
 *(.eh_frame)
 .eh_frame      0x0800412c        0x0 C:/ProgramFiles/ST/STM32CubeIDE_1.16.0/STM32CubeIDE/plugins/com.st.stm32cube.ide.mcu.externaltools.gnu-tools-for-stm32.12.3.rel1.win32_1.1.0.202410251130/tools/bin/../lib/gcc/arm-none-eabi/12.3.1/thumb/v6-m/nofp/crtbegin.o
 *(.init)
 .init          0x0800412c        0x4 C:/ProgramFiles/ST/STM32CubeIDE_1.16.0/STM32CubeIDE/plugins/com.st.stm32cube.ide.mcu.externaltools.gnu-tools-for-stm32.12.3.rel1.win32_1.1.0.202410251130/tools/bin/../lib/gcc/arm-none-eabi/12.3.1/thumb/v6-m/nofp/crti.o
                0x0800412c                _init
 .init          0x08004130        0x8 C:/ProgramFiles/ST/STM32CubeIDE_1.16.0/STM32CubeIDE/plugins/com.st.stm32cube.ide.mcu.externaltools.gnu-tools-for-stm32.12.3.rel1.win32_1.1.0.202410251130/tools/bin/../lib/gcc/arm-none-eabi/12.3.1/thumb/v6-m/nofp/crtn.o
 *(.fini)
 .fini          0x08004138        0x4 C:/ProgramFiles/ST/STM32CubeIDE_1.16.0/STM32CubeIDE/plugins/com.st.stm32cube.ide.mcu.externaltools.gnu-tools-for-stm32.12.3.rel1.win32_1.1.0.202410251130/tools/bin/../lib/gcc/arm-none-eabi/12.3.1/thumb/v6-m/nofp/crti.o
                0x08004138                _fini
 .fini          0x0800413c        0x8 C:/ProgramFiles/ST/STM32CubeIDE_1.16.0/STM32CubeIDE/plugins/com.st.stm32cube.ide.mcu.externaltools.gnu-tools-for-stm32.12.3.rel1.win32_1.1.0.202410251130/tools/bin/../lib/gcc/arm-none-eabi/12.3.1/thumb/v6-m/nofp/crtn.o
                0x08004144                        . = ALIGN (0x4)
                0x08004144                        _etext = .

.vfp11_veneer   0x08004144        0x0
 .vfp11_veneer  0x08004144        0x0 linker stubs

.v4_bx          0x08004144        0x0
 .v4_bx         0x08004144        0x0 linker stubs

.iplt           0x08004144        0x0
 .iplt          0x08004144        0x0 C:/ProgramFiles/ST/STM32CubeIDE_1.16.0/STM32CubeIDE/plugins/com.st.stm32cube.ide.mcu.externaltools.gnu-tools-for-stm32.12.3.rel1.win32_1.1.0.202410251130/tools/bin/../lib/gcc/arm-none-eabi/12.3.1/thumb/v6-m/nofp/crtbegin.o

.rodata         0x08004144       0xf8
                0x08004144                        . = ALIGN (0x4)
 *(.rodata)
 .rodata        0x08004144       0x7c C:/ProgramFiles/ST/STM32CubeIDE_1.16.0/STM32CubeIDE/plugins/com.st.stm32cube.ide.mcu.externaltools.gnu-tools-for-stm32.12.3.rel1.win32_1.1.0.202410251130/tools/bin/../lib/gcc/arm-none-eabi/12.3.1/thumb/v6-m/nofp\libgcc.a(divsf3.o)
 *(.rodata*)
 .rodata.APBPrescTable
                0x080041c0       0x20 ./Core/Src/system_stm32c0xx.o
                0x080041c0                APBPrescTable
 .rodata.AHBPrescTable
                0x080041e0       0x40 ./Core/Src/system_stm32c0xx.o
                0x080041e0                AHBPrescTable
 .rodata.CSWTCH.66
                0x08004220        0x3 ./Drivers/STM32C0xx_HAL_Driver/Src/stm32c0xx_hal_uart.o
 *fill*         0x08004223        0x1 
 .rodata.UARTPrescTable
                0x08004224       0x18 ./Drivers/STM32C0xx_HAL_Driver/Src/stm32c0xx_hal_uart.o
                0x08004224                UARTPrescTable
                0x0800423c                        . = ALIGN (0x4)

.ARM.extab      0x0800423c        0x0
                0x0800423c                        . = ALIGN (0x4)
 *(.ARM.extab* .gnu.linkonce.armextab.*)
                0x0800423c                        . = ALIGN (0x4)

.ARM            0x0800423c        0x0
                0x0800423c                        . = ALIGN (0x4)
                0x0800423c                        __exidx_start = .
 *(.ARM.exidx*)
                0x0800423c                        __exidx_end = .
                0x0800423c                        . = ALIGN (0x4)

.preinit_array  0x0800423c        0x0
                0x0800423c                        . = ALIGN (0x4)
                0x0800423c                        PROVIDE (__preinit_array_start = .)
 *(.preinit_array*)
                0x0800423c                        PROVIDE (__preinit_array_end = .)
                0x0800423c                        . = ALIGN (0x4)

.init_array     0x0800423c        0x4
                0x0800423c                        . = ALIGN (0x4)
                0x0800423c                        PROVIDE (__init_array_start = .)
 *(SORT_BY_NAME(.init_array.*))
 *(.init_array*)
 .init_array    0x0800423c        0x4 C:/ProgramFiles/ST/STM32CubeIDE_1.16.0/STM32CubeIDE/plugins/com.st.stm32cube.ide.mcu.externaltools.gnu-tools-for-stm32.12.3.rel1.win32_1.1.0.202410251130/tools/bin/../lib/gcc/arm-none-eabi/12.3.1/thumb/v6-m/nofp/crtbegin.o
                0x08004240                        PROVIDE (__init_array_end = .)
                0x08004240                        . = ALIGN (0x4)

.fini_array     0x08004240        0x4
                0x08004240                        . = ALIGN (0x4)
                [!provide]                        PROVIDE (__fini_array_start = .)
 *(SORT_BY_NAME(.fini_array.*))
 *(.fini_array*)
 .fini_array    0x08004240        0x4 C:/ProgramFiles/ST/STM32CubeIDE_1.16.0/STM32CubeIDE/plugins/com.st.stm32cube.ide.mcu.externaltools.gnu-tools-for-stm32.12.3.rel1.win32_1.1.0.202410251130/tools/bin/../lib/gcc/arm-none-eabi/12.3.1/thumb/v6-m/nofp/crtbegin.o
                [!provide]                        PROVIDE (__fini_array_end = .)
                0x08004244                        . = ALIGN (0x4)
                0x08004244                        _sidata = LOADADDR (.data)

.rel.dyn        0x08004244        0x0
 .rel.iplt      0x08004244        0x0 C:/ProgramFiles/ST/STM32CubeIDE_1.16.0/STM32CubeIDE/plugins/com.st.stm32cube.ide.mcu.externaltools.gnu-tools-for-stm32.12.3.rel1.win32_1.1.0.202410251130/tools/bin/../lib/gcc/arm-none-eabi/12.3.1/thumb/v6-m/nofp/crtbegin.o

.data           0x20000000       0x10 load address 0x08004244
                0x20000000                        . = ALIGN (0x4)
                0x20000000                        _sdata = .
 *(.data)
 *(.data*)
 .data.VOLTAGE  0x20000000        0x1 ./Core/Src/main.o
                0x20000000                VOLTAGE
 *fill*         0x20000001        0x1 
 .data.RAW_VOLTAGE
                0x20000002        0x2 ./Core/Src/main.o
                0x20000002                RAW_VOLTAGE
 .data.SystemCoreClock
                0x20000004        0x4 ./Core/Src/system_stm32c0xx.o
                0x20000004                SystemCoreClock
 .data.uwTickFreq
                0x20000008        0x1 ./Drivers/STM32C0xx_HAL_Driver/Src/stm32c0xx_hal.o
                0x20000008                uwTickFreq
 *fill*         0x20000009        0x3 
 .data.uwTickPrio
                0x2000000c        0x4 ./Drivers/STM32C0xx_HAL_Driver/Src/stm32c0xx_hal.o
                0x2000000c                uwTickPrio
 *(.RamFunc)
 *(.RamFunc*)
                0x20000010                        . = ALIGN (0x4)
                0x20000010                        _edata = .

.igot.plt       0x20000010        0x0 load address 0x08004254
 .igot.plt      0x20000010        0x0 C:/ProgramFiles/ST/STM32CubeIDE_1.16.0/STM32CubeIDE/plugins/com.st.stm32cube.ide.mcu.externaltools.gnu-tools-for-stm32.12.3.rel1.win32_1.1.0.202410251130/tools/bin/../lib/gcc/arm-none-eabi/12.3.1/thumb/v6-m/nofp/crtbegin.o
                0x20000010                        . = ALIGN (0x4)

.bss            0x20000010      0x178 load address 0x08004254
                0x20000010                        _sbss = .
                0x20000010                        __bss_start__ = _sbss
 *(.bss)
 .bss           0x20000010       0x1c C:/ProgramFiles/ST/STM32CubeIDE_1.16.0/STM32CubeIDE/plugins/com.st.stm32cube.ide.mcu.externaltools.gnu-tools-for-stm32.12.3.rel1.win32_1.1.0.202410251130/tools/bin/../lib/gcc/arm-none-eabi/12.3.1/thumb/v6-m/nofp/crtbegin.o
 *(.bss*)
 .bss.uart_buffer.0
                0x2000002c        0x7 ./Core/Src/main.o
 .bss.singleWorkingState
                0x20000033        0x1 ./Core/Src/main.o
                0x20000033                singleWorkingState
 .bss.workingMode
                0x20000034        0x1 ./Core/Src/main.o
                0x20000034                workingMode
 .bss.state     0x20000035        0x1 ./Core/Src/main.o
                0x20000035                state
 .bss.ovc0      0x20000036        0x2 ./Core/Src/main.o
                0x20000036                ovc0
 .bss.time0     0x20000038        0x2 ./Core/Src/main.o
                0x20000038                time0
 *fill*         0x2000003a        0x2 
 .bss.counter_high
                0x2000003c        0x4 ./Core/Src/main.o
                0x2000003c                counter_high
 .bss.counter   0x20000040        0x4 ./Core/Src/main.o
                0x20000040                counter
 .bss.MAX_TIMER_OVERRUNS
                0x20000044        0x2 ./Core/Src/main.o
                0x20000044                MAX_TIMER_OVERRUNS
 .bss.timer_OVC
                0x20000046        0x2 ./Core/Src/main.o
                0x20000046                timer_OVC
 .bss.hdma_usart2_tx
                0x20000048       0x5c ./Core/Src/main.o
                0x20000048                hdma_usart2_tx
 .bss.huart2    0x200000a4       0x94 ./Core/Src/main.o
                0x200000a4                huart2
 .bss.htim16    0x20000138       0x4c ./Core/Src/main.o
                0x20000138                htim16
 .bss.uwTick    0x20000184        0x4 ./Drivers/STM32C0xx_HAL_Driver/Src/stm32c0xx_hal.o
                0x20000184                uwTick
 *(COMMON)
                0x20000188                        . = ALIGN (0x4)
                0x20000188                        _ebss = .
                0x20000188                        __bss_end__ = _ebss

._user_heap_stack
                0x20000188      0x600 load address 0x08004254
                0x20000188                        . = ALIGN (0x8)
                [!provide]                        PROVIDE (end = .)
                0x20000188                        PROVIDE (_end = .)
                0x20000388                        . = (. + _Min_Heap_Size)
 *fill*         0x20000188      0x200 
                0x20000788                        . = (. + _Min_Stack_Size)
 *fill*         0x20000388      0x400 
                0x20000788                        . = ALIGN (0x8)

/DISCARD/
 libc.a(*)
 libm.a(*)
 libgcc.a(*)

.ARM.attributes
                0x00000000       0x28
 *(.ARM.attributes)
 .ARM.attributes
                0x00000000       0x1e C:/ProgramFiles/ST/STM32CubeIDE_1.16.0/STM32CubeIDE/plugins/com.st.stm32cube.ide.mcu.externaltools.gnu-tools-for-stm32.12.3.rel1.win32_1.1.0.202410251130/tools/bin/../lib/gcc/arm-none-eabi/12.3.1/thumb/v6-m/nofp/crti.o
 .ARM.attributes
                0x0000001e       0x2c C:/ProgramFiles/ST/STM32CubeIDE_1.16.0/STM32CubeIDE/plugins/com.st.stm32cube.ide.mcu.externaltools.gnu-tools-for-stm32.12.3.rel1.win32_1.1.0.202410251130/tools/bin/../lib/gcc/arm-none-eabi/12.3.1/thumb/v6-m/nofp/crtbegin.o
 .ARM.attributes
                0x0000004a       0x2c ./Core/Src/main.o
 .ARM.attributes
                0x00000076       0x2c ./Core/Src/stm32c0xx_hal_msp.o
 .ARM.attributes
                0x000000a2       0x2c ./Core/Src/stm32c0xx_it.o
 .ARM.attributes
                0x000000ce       0x2c ./Core/Src/system_stm32c0xx.o
 .ARM.attributes
                0x000000fa       0x22 ./Core/Startup/startup_stm32c031k6tx.o
 .ARM.attributes
                0x0000011c       0x2c ./Drivers/STM32C0xx_HAL_Driver/Src/stm32c0xx_hal.o
 .ARM.attributes
                0x00000148       0x2c ./Drivers/STM32C0xx_HAL_Driver/Src/stm32c0xx_hal_cortex.o
 .ARM.attributes
                0x00000174       0x2c ./Drivers/STM32C0xx_HAL_Driver/Src/stm32c0xx_hal_dma.o
 .ARM.attributes
                0x000001a0       0x2c ./Drivers/STM32C0xx_HAL_Driver/Src/stm32c0xx_hal_gpio.o
 .ARM.attributes
                0x000001cc       0x2c ./Drivers/STM32C0xx_HAL_Driver/Src/stm32c0xx_hal_rcc.o
 .ARM.attributes
                0x000001f8       0x2c ./Drivers/STM32C0xx_HAL_Driver/Src/stm32c0xx_hal_tim.o
 .ARM.attributes
                0x00000224       0x2c ./Drivers/STM32C0xx_HAL_Driver/Src/stm32c0xx_hal_tim_ex.o
 .ARM.attributes
                0x00000250       0x2c ./Drivers/STM32C0xx_HAL_Driver/Src/stm32c0xx_hal_uart.o
 .ARM.attributes
                0x0000027c       0x2c ./Drivers/STM32C0xx_HAL_Driver/Src/stm32c0xx_hal_uart_ex.o
 .ARM.attributes
                0x000002a8       0x2c C:/ProgramFiles/ST/STM32CubeIDE_1.16.0/STM32CubeIDE/plugins/com.st.stm32cube.ide.mcu.externaltools.gnu-tools-for-stm32.12.3.rel1.win32_1.1.0.202410251130/tools/bin/../lib/gcc/arm-none-eabi/12.3.1/../../../../arm-none-eabi/lib/thumb/v6-m/nofp\libc_nano.a(libc_a-memset.o)
 .ARM.attributes
                0x000002d4       0x2c C:/ProgramFiles/ST/STM32CubeIDE_1.16.0/STM32CubeIDE/plugins/com.st.stm32cube.ide.mcu.externaltools.gnu-tools-for-stm32.12.3.rel1.win32_1.1.0.202410251130/tools/bin/../lib/gcc/arm-none-eabi/12.3.1/../../../../arm-none-eabi/lib/thumb/v6-m/nofp\libc_nano.a(libc_a-init.o)
 .ARM.attributes
                0x00000300       0x1e C:/ProgramFiles/ST/STM32CubeIDE_1.16.0/STM32CubeIDE/plugins/com.st.stm32cube.ide.mcu.externaltools.gnu-tools-for-stm32.12.3.rel1.win32_1.1.0.202410251130/tools/bin/../lib/gcc/arm-none-eabi/12.3.1/thumb/v6-m/nofp\libgcc.a(_udivsi3.o)
 .ARM.attributes
                0x0000031e       0x1e C:/ProgramFiles/ST/STM32CubeIDE_1.16.0/STM32CubeIDE/plugins/com.st.stm32cube.ide.mcu.externaltools.gnu-tools-for-stm32.12.3.rel1.win32_1.1.0.202410251130/tools/bin/../lib/gcc/arm-none-eabi/12.3.1/thumb/v6-m/nofp\libgcc.a(_dvmd_tls.o)
 .ARM.attributes
                0x0000033c       0x2c C:/ProgramFiles/ST/STM32CubeIDE_1.16.0/STM32CubeIDE/plugins/com.st.stm32cube.ide.mcu.externaltools.gnu-tools-for-stm32.12.3.rel1.win32_1.1.0.202410251130/tools/bin/../lib/gcc/arm-none-eabi/12.3.1/thumb/v6-m/nofp\libgcc.a(_fixunssfsi.o)
 .ARM.attributes
                0x00000368       0x2c C:/ProgramFiles/ST/STM32CubeIDE_1.16.0/STM32CubeIDE/plugins/com.st.stm32cube.ide.mcu.externaltools.gnu-tools-for-stm32.12.3.rel1.win32_1.1.0.202410251130/tools/bin/../lib/gcc/arm-none-eabi/12.3.1/thumb/v6-m/nofp\libgcc.a(addsf3.o)
 .ARM.attributes
                0x00000394       0x2c C:/ProgramFiles/ST/STM32CubeIDE_1.16.0/STM32CubeIDE/plugins/com.st.stm32cube.ide.mcu.externaltools.gnu-tools-for-stm32.12.3.rel1.win32_1.1.0.202410251130/tools/bin/../lib/gcc/arm-none-eabi/12.3.1/thumb/v6-m/nofp\libgcc.a(divsf3.o)
 .ARM.attributes
                0x000003c0       0x2c C:/ProgramFiles/ST/STM32CubeIDE_1.16.0/STM32CubeIDE/plugins/com.st.stm32cube.ide.mcu.externaltools.gnu-tools-for-stm32.12.3.rel1.win32_1.1.0.202410251130/tools/bin/../lib/gcc/arm-none-eabi/12.3.1/thumb/v6-m/nofp\libgcc.a(mulsf3.o)
 .ARM.attributes
                0x000003ec       0x2c C:/ProgramFiles/ST/STM32CubeIDE_1.16.0/STM32CubeIDE/plugins/com.st.stm32cube.ide.mcu.externaltools.gnu-tools-for-stm32.12.3.rel1.win32_1.1.0.202410251130/tools/bin/../lib/gcc/arm-none-eabi/12.3.1/thumb/v6-m/nofp\libgcc.a(subsf3.o)
 .ARM.attributes
                0x00000418       0x2c C:/ProgramFiles/ST/STM32CubeIDE_1.16.0/STM32CubeIDE/plugins/com.st.stm32cube.ide.mcu.externaltools.gnu-tools-for-stm32.12.3.rel1.win32_1.1.0.202410251130/tools/bin/../lib/gcc/arm-none-eabi/12.3.1/thumb/v6-m/nofp\libgcc.a(fixsfsi.o)
 .ARM.attributes
                0x00000444       0x2c C:/ProgramFiles/ST/STM32CubeIDE_1.16.0/STM32CubeIDE/plugins/com.st.stm32cube.ide.mcu.externaltools.gnu-tools-for-stm32.12.3.rel1.win32_1.1.0.202410251130/tools/bin/../lib/gcc/arm-none-eabi/12.3.1/thumb/v6-m/nofp\libgcc.a(floatunsisf.o)
 .ARM.attributes
                0x00000470       0x2c C:/ProgramFiles/ST/STM32CubeIDE_1.16.0/STM32CubeIDE/plugins/com.st.stm32cube.ide.mcu.externaltools.gnu-tools-for-stm32.12.3.rel1.win32_1.1.0.202410251130/tools/bin/../lib/gcc/arm-none-eabi/12.3.1/thumb/v6-m/nofp\libgcc.a(adddf3.o)
 .ARM.attributes
                0x0000049c       0x2c C:/ProgramFiles/ST/STM32CubeIDE_1.16.0/STM32CubeIDE/plugins/com.st.stm32cube.ide.mcu.externaltools.gnu-tools-for-stm32.12.3.rel1.win32_1.1.0.202410251130/tools/bin/../lib/gcc/arm-none-eabi/12.3.1/thumb/v6-m/nofp\libgcc.a(muldf3.o)
 .ARM.attributes
                0x000004c8       0x2c C:/ProgramFiles/ST/STM32CubeIDE_1.16.0/STM32CubeIDE/plugins/com.st.stm32cube.ide.mcu.externaltools.gnu-tools-for-stm32.12.3.rel1.win32_1.1.0.202410251130/tools/bin/../lib/gcc/arm-none-eabi/12.3.1/thumb/v6-m/nofp\libgcc.a(fixdfsi.o)
 .ARM.attributes
                0x000004f4       0x2c C:/ProgramFiles/ST/STM32CubeIDE_1.16.0/STM32CubeIDE/plugins/com.st.stm32cube.ide.mcu.externaltools.gnu-tools-for-stm32.12.3.rel1.win32_1.1.0.202410251130/tools/bin/../lib/gcc/arm-none-eabi/12.3.1/thumb/v6-m/nofp\libgcc.a(floatsidf.o)
 .ARM.attributes
                0x00000520       0x1e C:/ProgramFiles/ST/STM32CubeIDE_1.16.0/STM32CubeIDE/plugins/com.st.stm32cube.ide.mcu.externaltools.gnu-tools-for-stm32.12.3.rel1.win32_1.1.0.202410251130/tools/bin/../lib/gcc/arm-none-eabi/12.3.1/thumb/v6-m/nofp\libgcc.a(_arm_cmpsf2.o)
 .ARM.attributes
                0x0000053e       0x1e C:/ProgramFiles/ST/STM32CubeIDE_1.16.0/STM32CubeIDE/plugins/com.st.stm32cube.ide.mcu.externaltools.gnu-tools-for-stm32.12.3.rel1.win32_1.1.0.202410251130/tools/bin/../lib/gcc/arm-none-eabi/12.3.1/thumb/v6-m/nofp\libgcc.a(_clzsi2.o)
 .ARM.attributes
                0x0000055c       0x2c C:/ProgramFiles/ST/STM32CubeIDE_1.16.0/STM32CubeIDE/plugins/com.st.stm32cube.ide.mcu.externaltools.gnu-tools-for-stm32.12.3.rel1.win32_1.1.0.202410251130/tools/bin/../lib/gcc/arm-none-eabi/12.3.1/thumb/v6-m/nofp\libgcc.a(eqsf2.o)
 .ARM.attributes
                0x00000588       0x2c C:/ProgramFiles/ST/STM32CubeIDE_1.16.0/STM32CubeIDE/plugins/com.st.stm32cube.ide.mcu.externaltools.gnu-tools-for-stm32.12.3.rel1.win32_1.1.0.202410251130/tools/bin/../lib/gcc/arm-none-eabi/12.3.1/thumb/v6-m/nofp\libgcc.a(gesf2.o)
 .ARM.attributes
                0x000005b4       0x2c C:/ProgramFiles/ST/STM32CubeIDE_1.16.0/STM32CubeIDE/plugins/com.st.stm32cube.ide.mcu.externaltools.gnu-tools-for-stm32.12.3.rel1.win32_1.1.0.202410251130/tools/bin/../lib/gcc/arm-none-eabi/12.3.1/thumb/v6-m/nofp\libgcc.a(lesf2.o)
 .ARM.attributes
                0x000005e0       0x1e C:/ProgramFiles/ST/STM32CubeIDE_1.16.0/STM32CubeIDE/plugins/com.st.stm32cube.ide.mcu.externaltools.gnu-tools-for-stm32.12.3.rel1.win32_1.1.0.202410251130/tools/bin/../lib/gcc/arm-none-eabi/12.3.1/thumb/v6-m/nofp/crtn.o
OUTPUT(sigma-delta-adc-2.elf elf32-littlearm)
LOAD linker stubs
LOAD C:/ProgramFiles/ST/STM32CubeIDE_1.16.0/STM32CubeIDE/plugins/com.st.stm32cube.ide.mcu.externaltools.gnu-tools-for-stm32.12.3.rel1.win32_1.1.0.202410251130/tools/bin/../lib/gcc/arm-none-eabi/12.3.1/../../../../arm-none-eabi/lib/thumb/v6-m/nofp\libc.a
LOAD C:/ProgramFiles/ST/STM32CubeIDE_1.16.0/STM32CubeIDE/plugins/com.st.stm32cube.ide.mcu.externaltools.gnu-tools-for-stm32.12.3.rel1.win32_1.1.0.202410251130/tools/bin/../lib/gcc/arm-none-eabi/12.3.1/../../../../arm-none-eabi/lib/thumb/v6-m/nofp\libm.a
LOAD C:/ProgramFiles/ST/STM32CubeIDE_1.16.0/STM32CubeIDE/plugins/com.st.stm32cube.ide.mcu.externaltools.gnu-tools-for-stm32.12.3.rel1.win32_1.1.0.202410251130/tools/bin/../lib/gcc/arm-none-eabi/12.3.1/thumb/v6-m/nofp\libgcc.a

.debug_info     0x00000000    0x1546c
 .debug_info    0x00000000     0x1bfc ./Core/Src/main.o
 .debug_info    0x00001bfc     0x118e ./Core/Src/stm32c0xx_hal_msp.o
 .debug_info    0x00002d8a      0xc98 ./Core/Src/stm32c0xx_it.o
 .debug_info    0x00003a22      0x388 ./Core/Src/system_stm32c0xx.o
 .debug_info    0x00003daa       0x2f ./Core/Startup/startup_stm32c031k6tx.o
 .debug_info    0x00003dd9      0x993 ./Drivers/STM32C0xx_HAL_Driver/Src/stm32c0xx_hal.o
 .debug_info    0x0000476c      0xa9c ./Drivers/STM32C0xx_HAL_Driver/Src/stm32c0xx_hal_cortex.o
 .debug_info    0x00005208      0xa8a ./Drivers/STM32C0xx_HAL_Driver/Src/stm32c0xx_hal_dma.o
 .debug_info    0x00005c92      0x65d ./Drivers/STM32C0xx_HAL_Driver/Src/stm32c0xx_hal_gpio.o
 .debug_info    0x000062ef      0xc31 ./Drivers/STM32C0xx_HAL_Driver/Src/stm32c0xx_hal_rcc.o
 .debug_info    0x00006f20     0x4b3d ./Drivers/STM32C0xx_HAL_Driver/Src/stm32c0xx_hal_tim.o
 .debug_info    0x0000ba5d     0x2040 ./Drivers/STM32C0xx_HAL_Driver/Src/stm32c0xx_hal_tim_ex.o
 .debug_info    0x0000da9d     0x6662 ./Drivers/STM32C0xx_HAL_Driver/Src/stm32c0xx_hal_uart.o
 .debug_info    0x000140ff     0x136d ./Drivers/STM32C0xx_HAL_Driver/Src/stm32c0xx_hal_uart_ex.o

.debug_abbrev   0x00000000     0x26be
 .debug_abbrev  0x00000000      0x3eb ./Core/Src/main.o
 .debug_abbrev  0x000003eb      0x22e ./Core/Src/stm32c0xx_hal_msp.o
 .debug_abbrev  0x00000619      0x201 ./Core/Src/stm32c0xx_it.o
 .debug_abbrev  0x0000081a      0x12d ./Core/Src/system_stm32c0xx.o
 .debug_abbrev  0x00000947       0x24 ./Core/Startup/startup_stm32c031k6tx.o
 .debug_abbrev  0x0000096b      0x38c ./Drivers/STM32C0xx_HAL_Driver/Src/stm32c0xx_hal.o
 .debug_abbrev  0x00000cf7      0x2d0 ./Drivers/STM32C0xx_HAL_Driver/Src/stm32c0xx_hal_cortex.o
 .debug_abbrev  0x00000fc7      0x25b ./Drivers/STM32C0xx_HAL_Driver/Src/stm32c0xx_hal_dma.o
 .debug_abbrev  0x00001222      0x267 ./Drivers/STM32C0xx_HAL_Driver/Src/stm32c0xx_hal_gpio.o
 .debug_abbrev  0x00001489      0x385 ./Drivers/STM32C0xx_HAL_Driver/Src/stm32c0xx_hal_rcc.o
 .debug_abbrev  0x0000180e      0x393 ./Drivers/STM32C0xx_HAL_Driver/Src/stm32c0xx_hal_tim.o
 .debug_abbrev  0x00001ba1      0x38a ./Drivers/STM32C0xx_HAL_Driver/Src/stm32c0xx_hal_tim_ex.o
 .debug_abbrev  0x00001f2b      0x43f ./Drivers/STM32C0xx_HAL_Driver/Src/stm32c0xx_hal_uart.o
 .debug_abbrev  0x0000236a      0x354 ./Drivers/STM32C0xx_HAL_Driver/Src/stm32c0xx_hal_uart_ex.o

.debug_loc      0x00000000     0xf535
 .debug_loc     0x00000000      0x16c ./Core/Src/main.o
 .debug_loc     0x0000016c      0x10f ./Core/Src/stm32c0xx_hal_msp.o
 .debug_loc     0x0000027b       0x3f ./Core/Src/system_stm32c0xx.o
 .debug_loc     0x000002ba      0x253 ./Drivers/STM32C0xx_HAL_Driver/Src/stm32c0xx_hal.o
 .debug_loc     0x0000050d      0x32d ./Drivers/STM32C0xx_HAL_Driver/Src/stm32c0xx_hal_cortex.o
 .debug_loc     0x0000083a      0x985 ./Drivers/STM32C0xx_HAL_Driver/Src/stm32c0xx_hal_dma.o
 .debug_loc     0x000011bf      0x561 ./Drivers/STM32C0xx_HAL_Driver/Src/stm32c0xx_hal_gpio.o
 .debug_loc     0x00001720      0x635 ./Drivers/STM32C0xx_HAL_Driver/Src/stm32c0xx_hal_rcc.o
 .debug_loc     0x00001d55     0x6254 ./Drivers/STM32C0xx_HAL_Driver/Src/stm32c0xx_hal_tim.o
 .debug_loc     0x00007fa9     0x2009 ./Drivers/STM32C0xx_HAL_Driver/Src/stm32c0xx_hal_tim_ex.o
 .debug_loc     0x00009fb2     0x4885 ./Drivers/STM32C0xx_HAL_Driver/Src/stm32c0xx_hal_uart.o
 .debug_loc     0x0000e837      0xcfe ./Drivers/STM32C0xx_HAL_Driver/Src/stm32c0xx_hal_uart_ex.o

.debug_aranges  0x00000000      0xc88
 .debug_aranges
                0x00000000       0x78 ./Core/Src/main.o
 .debug_aranges
                0x00000078       0x40 ./Core/Src/stm32c0xx_hal_msp.o
 .debug_aranges
                0x000000b8       0x60 ./Core/Src/stm32c0xx_it.o
 .debug_aranges
                0x00000118       0x28 ./Core/Src/system_stm32c0xx.o
 .debug_aranges
                0x00000140       0x28 ./Core/Startup/startup_stm32c031k6tx.o
 .debug_aranges
                0x00000168       0xf0 ./Drivers/STM32C0xx_HAL_Driver/Src/stm32c0xx_hal.o
 .debug_aranges
                0x00000258       0xa0 ./Drivers/STM32C0xx_HAL_Driver/Src/stm32c0xx_hal_cortex.o
 .debug_aranges
                0x000002f8       0x80 ./Drivers/STM32C0xx_HAL_Driver/Src/stm32c0xx_hal_dma.o
 .debug_aranges
                0x00000378       0x68 ./Drivers/STM32C0xx_HAL_Driver/Src/stm32c0xx_hal_gpio.o
 .debug_aranges
                0x000003e0       0x90 ./Drivers/STM32C0xx_HAL_Driver/Src/stm32c0xx_hal_rcc.o
 .debug_aranges
                0x00000470      0x3b0 ./Drivers/STM32C0xx_HAL_Driver/Src/stm32c0xx_hal_tim.o
 .debug_aranges
                0x00000820      0x190 ./Drivers/STM32C0xx_HAL_Driver/Src/stm32c0xx_hal_tim_ex.o
 .debug_aranges
                0x000009b0      0x238 ./Drivers/STM32C0xx_HAL_Driver/Src/stm32c0xx_hal_uart.o
 .debug_aranges
                0x00000be8       0xa0 ./Drivers/STM32C0xx_HAL_Driver/Src/stm32c0xx_hal_uart_ex.o

.debug_ranges   0x00000000     0x1758
 .debug_ranges  0x00000000      0x148 ./Core/Src/main.o
 .debug_ranges  0x00000148       0xd0 ./Core/Src/stm32c0xx_hal_msp.o
 .debug_ranges  0x00000218       0x50 ./Core/Src/stm32c0xx_it.o
 .debug_ranges  0x00000268       0x18 ./Core/Src/system_stm32c0xx.o
 .debug_ranges  0x00000280       0x20 ./Core/Startup/startup_stm32c031k6tx.o
 .debug_ranges  0x000002a0       0xf8 ./Drivers/STM32C0xx_HAL_Driver/Src/stm32c0xx_hal.o
 .debug_ranges  0x00000398       0xe8 ./Drivers/STM32C0xx_HAL_Driver/Src/stm32c0xx_hal_cortex.o
 .debug_ranges  0x00000480       0xd0 ./Drivers/STM32C0xx_HAL_Driver/Src/stm32c0xx_hal_dma.o
 .debug_ranges  0x00000550       0x58 ./Drivers/STM32C0xx_HAL_Driver/Src/stm32c0xx_hal_gpio.o
 .debug_ranges  0x000005a8      0x120 ./Drivers/STM32C0xx_HAL_Driver/Src/stm32c0xx_hal_rcc.o
 .debug_ranges  0x000006c8      0x910 ./Drivers/STM32C0xx_HAL_Driver/Src/stm32c0xx_hal_tim.o
 .debug_ranges  0x00000fd8      0x238 ./Drivers/STM32C0xx_HAL_Driver/Src/stm32c0xx_hal_tim_ex.o
 .debug_ranges  0x00001210      0x430 ./Drivers/STM32C0xx_HAL_Driver/Src/stm32c0xx_hal_uart.o
 .debug_ranges  0x00001640      0x118 ./Drivers/STM32C0xx_HAL_Driver/Src/stm32c0xx_hal_uart_ex.o

.debug_macro    0x00000000    0x13342
 .debug_macro   0x00000000      0x22d ./Core/Src/main.o
 .debug_macro   0x0000022d      0xa8a ./Core/Src/main.o
 .debug_macro   0x00000cb7       0x2e ./Core/Src/main.o
 .debug_macro   0x00000ce5       0x28 ./Core/Src/main.o
 .debug_macro   0x00000d0d       0x22 ./Core/Src/main.o
 .debug_macro   0x00000d2f       0x8e ./Core/Src/main.o
 .debug_macro   0x00000dbd       0x51 ./Core/Src/main.o
 .debug_macro   0x00000e0e      0x103 ./Core/Src/main.o
 .debug_macro   0x00000f11       0x6a ./Core/Src/main.o
 .debug_macro   0x00000f7b      0x1df ./Core/Src/main.o
 .debug_macro   0x0000115a       0x1c ./Core/Src/main.o
 .debug_macro   0x00001176       0x22 ./Core/Src/main.o
 .debug_macro   0x00001198       0xd1 ./Core/Src/main.o
 .debug_macro   0x00001269      0x4da ./Core/Src/main.o
 .debug_macro   0x00001743      0x11f ./Core/Src/main.o
 .debug_macro   0x00001862     0x93cf ./Core/Src/main.o
 .debug_macro   0x0000ac31       0x6d ./Core/Src/main.o
 .debug_macro   0x0000ac9e      0x175 ./Core/Src/main.o
 .debug_macro   0x0000ae13       0xe9 ./Core/Src/main.o
 .debug_macro   0x0000aefc     0x3440 ./Core/Src/main.o
 .debug_macro   0x0000e33c      0x189 ./Core/Src/main.o
 .debug_macro   0x0000e4c5       0x5b ./Core/Src/main.o
 .debug_macro   0x0000e520      0x366 ./Core/Src/main.o
 .debug_macro   0x0000e886      0xb47 ./Core/Src/main.o
 .debug_macro   0x0000f3cd      0x145 ./Core/Src/main.o
 .debug_macro   0x0000f512      0x15f ./Core/Src/main.o
 .debug_macro   0x0000f671      0x19d ./Core/Src/main.o
 .debug_macro   0x0000f80e      0x264 ./Core/Src/main.o
 .debug_macro   0x0000fa72      0x17e ./Core/Src/main.o
 .debug_macro   0x0000fbf0       0x43 ./Core/Src/main.o
 .debug_macro   0x0000fc33      0x1f1 ./Core/Src/main.o
 .debug_macro   0x0000fe24      0x1b1 ./Core/Src/main.o
 .debug_macro   0x0000ffd5      0x37c ./Core/Src/main.o
 .debug_macro   0x00010351       0x28 ./Core/Src/main.o
 .debug_macro   0x00010379       0xb3 ./Core/Src/main.o
 .debug_macro   0x0001042c      0x104 ./Core/Src/main.o
 .debug_macro   0x00010530       0xf6 ./Core/Src/main.o
 .debug_macro   0x00010626      0xaa6 ./Core/Src/main.o
 .debug_macro   0x000110cc       0xd9 ./Core/Src/main.o
 .debug_macro   0x000111a5      0x67e ./Core/Src/main.o
 .debug_macro   0x00011823       0xa6 ./Core/Src/main.o
 .debug_macro   0x000118c9      0x3a9 ./Core/Src/main.o
 .debug_macro   0x00011c72       0x28 ./Core/Src/main.o
 .debug_macro   0x00011c9a      0x1df ./Core/Src/stm32c0xx_hal_msp.o
 .debug_macro   0x00011e79      0x1e9 ./Core/Src/stm32c0xx_it.o
 .debug_macro   0x00012062      0x1d6 ./Core/Src/system_stm32c0xx.o
 .debug_macro   0x00012238      0x1ee ./Drivers/STM32C0xx_HAL_Driver/Src/stm32c0xx_hal.o
 .debug_macro   0x00012426      0x1d0 ./Drivers/STM32C0xx_HAL_Driver/Src/stm32c0xx_hal_cortex.o
 .debug_macro   0x000125f6      0x1d0 ./Drivers/STM32C0xx_HAL_Driver/Src/stm32c0xx_hal_dma.o
 .debug_macro   0x000127c6      0x205 ./Drivers/STM32C0xx_HAL_Driver/Src/stm32c0xx_hal_gpio.o
 .debug_macro   0x000129cb      0x200 ./Drivers/STM32C0xx_HAL_Driver/Src/stm32c0xx_hal_rcc.o
 .debug_macro   0x00012bcb      0x1d8 ./Drivers/STM32C0xx_HAL_Driver/Src/stm32c0xx_hal_tim.o
 .debug_macro   0x00012da3      0x1d6 ./Drivers/STM32C0xx_HAL_Driver/Src/stm32c0xx_hal_tim_ex.o
 .debug_macro   0x00012f79      0x1ed ./Drivers/STM32C0xx_HAL_Driver/Src/stm32c0xx_hal_uart.o
 .debug_macro   0x00013166      0x1dc ./Drivers/STM32C0xx_HAL_Driver/Src/stm32c0xx_hal_uart_ex.o

.debug_line     0x00000000    0x15a28
 .debug_line    0x00000000      0xf4d ./Core/Src/main.o
 .debug_line    0x00000f4d      0x929 ./Core/Src/stm32c0xx_hal_msp.o
 .debug_line    0x00001876      0x881 ./Core/Src/stm32c0xx_it.o
 .debug_line    0x000020f7      0x7e3 ./Core/Src/system_stm32c0xx.o
 .debug_line    0x000028da       0x8c ./Core/Startup/startup_stm32c031k6tx.o
 .debug_line    0x00002966      0xbc4 ./Drivers/STM32C0xx_HAL_Driver/Src/stm32c0xx_hal.o
 .debug_line    0x0000352a      0xc8d ./Drivers/STM32C0xx_HAL_Driver/Src/stm32c0xx_hal_cortex.o
 .debug_line    0x000041b7     0x1260 ./Drivers/STM32C0xx_HAL_Driver/Src/stm32c0xx_hal_dma.o
 .debug_line    0x00005417      0xda4 ./Drivers/STM32C0xx_HAL_Driver/Src/stm32c0xx_hal_gpio.o
 .debug_line    0x000061bb     0x1296 ./Drivers/STM32C0xx_HAL_Driver/Src/stm32c0xx_hal_rcc.o
 .debug_line    0x00007451     0x5c63 ./Drivers/STM32C0xx_HAL_Driver/Src/stm32c0xx_hal_tim.o
 .debug_line    0x0000d0b4     0x22ee ./Drivers/STM32C0xx_HAL_Driver/Src/stm32c0xx_hal_tim_ex.o
 .debug_line    0x0000f3a2     0x5356 ./Drivers/STM32C0xx_HAL_Driver/Src/stm32c0xx_hal_uart.o
 .debug_line    0x000146f8     0x1330 ./Drivers/STM32C0xx_HAL_Driver/Src/stm32c0xx_hal_uart_ex.o

.debug_str      0x00000000    0x7c063
 .debug_str     0x00000000    0x78d31 ./Core/Src/main.o
                              0x793de (size before relaxing)
 .debug_str     0x00078d31       0xc6 ./Core/Src/stm32c0xx_hal_msp.o
                              0x78f4d (size before relaxing)
 .debug_str     0x00078df7      0x125 ./Core/Src/stm32c0xx_it.o
                              0x78ca4 (size before relaxing)
 .debug_str     0x00078f1c       0xb4 ./Core/Src/system_stm32c0xx.o
                              0x783bd (size before relaxing)
 .debug_str     0x00078fd0       0x44 ./Core/Startup/startup_stm32c031k6tx.o
                                 0x9b (size before relaxing)
 .debug_str     0x00079014      0x413 ./Drivers/STM32C0xx_HAL_Driver/Src/stm32c0xx_hal.o
                              0x789c1 (size before relaxing)
 .debug_str     0x00079427      0x270 ./Drivers/STM32C0xx_HAL_Driver/Src/stm32c0xx_hal_cortex.o
                              0x787d6 (size before relaxing)
 .debug_str     0x00079697      0x28b ./Drivers/STM32C0xx_HAL_Driver/Src/stm32c0xx_hal_dma.o
                              0x78842 (size before relaxing)
 .debug_str     0x00079922      0x1d4 ./Drivers/STM32C0xx_HAL_Driver/Src/stm32c0xx_hal_gpio.o
                              0x785b5 (size before relaxing)
 .debug_str     0x00079af6      0x413 ./Drivers/STM32C0xx_HAL_Driver/Src/stm32c0xx_hal_rcc.o
                              0x789a8 (size before relaxing)
 .debug_str     0x00079f09      0xe9b ./Drivers/STM32C0xx_HAL_Driver/Src/stm32c0xx_hal_tim.o
                              0x798e5 (size before relaxing)
 .debug_str     0x0007ada4      0x6d9 ./Drivers/STM32C0xx_HAL_Driver/Src/stm32c0xx_hal_tim_ex.o
                              0x79273 (size before relaxing)
 .debug_str     0x0007b47d      0x91e ./Drivers/STM32C0xx_HAL_Driver/Src/stm32c0xx_hal_uart.o
                              0x7931b (size before relaxing)
 .debug_str     0x0007bd9b      0x2c8 ./Drivers/STM32C0xx_HAL_Driver/Src/stm32c0xx_hal_uart_ex.o
                              0x78c43 (size before relaxing)

.comment        0x00000000       0x43
 .comment       0x00000000       0x43 ./Core/Src/main.o
                                 0x44 (size before relaxing)
 .comment       0x00000043       0x44 ./Core/Src/stm32c0xx_hal_msp.o
 .comment       0x00000043       0x44 ./Core/Src/stm32c0xx_it.o
 .comment       0x00000043       0x44 ./Core/Src/system_stm32c0xx.o
 .comment       0x00000043       0x44 ./Drivers/STM32C0xx_HAL_Driver/Src/stm32c0xx_hal.o
 .comment       0x00000043       0x44 ./Drivers/STM32C0xx_HAL_Driver/Src/stm32c0xx_hal_cortex.o
 .comment       0x00000043       0x44 ./Drivers/STM32C0xx_HAL_Driver/Src/stm32c0xx_hal_dma.o
 .comment       0x00000043       0x44 ./Drivers/STM32C0xx_HAL_Driver/Src/stm32c0xx_hal_gpio.o
 .comment       0x00000043       0x44 ./Drivers/STM32C0xx_HAL_Driver/Src/stm32c0xx_hal_rcc.o
 .comment       0x00000043       0x44 ./Drivers/STM32C0xx_HAL_Driver/Src/stm32c0xx_hal_tim.o
 .comment       0x00000043       0x44 ./Drivers/STM32C0xx_HAL_Driver/Src/stm32c0xx_hal_tim_ex.o
 .comment       0x00000043       0x44 ./Drivers/STM32C0xx_HAL_Driver/Src/stm32c0xx_hal_uart.o
 .comment       0x00000043       0x44 ./Drivers/STM32C0xx_HAL_Driver/Src/stm32c0xx_hal_uart_ex.o

.debug_frame    0x00000000     0x2534
 .debug_frame   0x00000000      0x158 ./Core/Src/main.o
 .debug_frame   0x00000158       0x88 ./Core/Src/stm32c0xx_hal_msp.o
 .debug_frame   0x000001e0       0xc8 ./Core/Src/stm32c0xx_it.o
 .debug_frame   0x000002a8       0x30 ./Core/Src/system_stm32c0xx.o
 .debug_frame   0x000002d8      0x1f4 ./Drivers/STM32C0xx_HAL_Driver/Src/stm32c0xx_hal.o
 .debug_frame   0x000004cc      0x130 ./Drivers/STM32C0xx_HAL_Driver/Src/stm32c0xx_hal_cortex.o
 .debug_frame   0x000005fc      0x188 ./Drivers/STM32C0xx_HAL_Driver/Src/stm32c0xx_hal_dma.o
 .debug_frame   0x00000784       0xf4 ./Drivers/STM32C0xx_HAL_Driver/Src/stm32c0xx_hal_gpio.o
 .debug_frame   0x00000878      0x164 ./Drivers/STM32C0xx_HAL_Driver/Src/stm32c0xx_hal_rcc.o
 .debug_frame   0x000009dc      0xacc ./Drivers/STM32C0xx_HAL_Driver/Src/stm32c0xx_hal_tim.o
 .debug_frame   0x000014a8      0x4ac ./Drivers/STM32C0xx_HAL_Driver/Src/stm32c0xx_hal_tim_ex.o
 .debug_frame   0x00001954      0x704 ./Drivers/STM32C0xx_HAL_Driver/Src/stm32c0xx_hal_uart.o
 .debug_frame   0x00002058      0x1c4 ./Drivers/STM32C0xx_HAL_Driver/Src/stm32c0xx_hal_uart_ex.o
 .debug_frame   0x0000221c       0x20 C:/ProgramFiles/ST/STM32CubeIDE_1.16.0/STM32CubeIDE/plugins/com.st.stm32cube.ide.mcu.externaltools.gnu-tools-for-stm32.12.3.rel1.win32_1.1.0.202410251130/tools/bin/../lib/gcc/arm-none-eabi/12.3.1/../../../../arm-none-eabi/lib/thumb/v6-m/nofp\libc_nano.a(libc_a-memset.o)
 .debug_frame   0x0000223c       0x2c C:/ProgramFiles/ST/STM32CubeIDE_1.16.0/STM32CubeIDE/plugins/com.st.stm32cube.ide.mcu.externaltools.gnu-tools-for-stm32.12.3.rel1.win32_1.1.0.202410251130/tools/bin/../lib/gcc/arm-none-eabi/12.3.1/../../../../arm-none-eabi/lib/thumb/v6-m/nofp\libc_nano.a(libc_a-init.o)
 .debug_frame   0x00002268       0x20 C:/ProgramFiles/ST/STM32CubeIDE_1.16.0/STM32CubeIDE/plugins/com.st.stm32cube.ide.mcu.externaltools.gnu-tools-for-stm32.12.3.rel1.win32_1.1.0.202410251130/tools/bin/../lib/gcc/arm-none-eabi/12.3.1/thumb/v6-m/nofp\libgcc.a(_udivsi3.o)
 .debug_frame   0x00002288       0x28 C:/ProgramFiles/ST/STM32CubeIDE_1.16.0/STM32CubeIDE/plugins/com.st.stm32cube.ide.mcu.externaltools.gnu-tools-for-stm32.12.3.rel1.win32_1.1.0.202410251130/tools/bin/../lib/gcc/arm-none-eabi/12.3.1/thumb/v6-m/nofp\libgcc.a(_fixunssfsi.o)
 .debug_frame   0x000022b0       0x38 C:/ProgramFiles/ST/STM32CubeIDE_1.16.0/STM32CubeIDE/plugins/com.st.stm32cube.ide.mcu.externaltools.gnu-tools-for-stm32.12.3.rel1.win32_1.1.0.202410251130/tools/bin/../lib/gcc/arm-none-eabi/12.3.1/thumb/v6-m/nofp\libgcc.a(addsf3.o)
 .debug_frame   0x000022e8       0x38 C:/ProgramFiles/ST/STM32CubeIDE_1.16.0/STM32CubeIDE/plugins/com.st.stm32cube.ide.mcu.externaltools.gnu-tools-for-stm32.12.3.rel1.win32_1.1.0.202410251130/tools/bin/../lib/gcc/arm-none-eabi/12.3.1/thumb/v6-m/nofp\libgcc.a(divsf3.o)
 .debug_frame   0x00002320       0x38 C:/ProgramFiles/ST/STM32CubeIDE_1.16.0/STM32CubeIDE/plugins/com.st.stm32cube.ide.mcu.externaltools.gnu-tools-for-stm32.12.3.rel1.win32_1.1.0.202410251130/tools/bin/../lib/gcc/arm-none-eabi/12.3.1/thumb/v6-m/nofp\libgcc.a(mulsf3.o)
 .debug_frame   0x00002358       0x38 C:/ProgramFiles/ST/STM32CubeIDE_1.16.0/STM32CubeIDE/plugins/com.st.stm32cube.ide.mcu.externaltools.gnu-tools-for-stm32.12.3.rel1.win32_1.1.0.202410251130/tools/bin/../lib/gcc/arm-none-eabi/12.3.1/thumb/v6-m/nofp\libgcc.a(subsf3.o)
 .debug_frame   0x00002390       0x20 C:/ProgramFiles/ST/STM32CubeIDE_1.16.0/STM32CubeIDE/plugins/com.st.stm32cube.ide.mcu.externaltools.gnu-tools-for-stm32.12.3.rel1.win32_1.1.0.202410251130/tools/bin/../lib/gcc/arm-none-eabi/12.3.1/thumb/v6-m/nofp\libgcc.a(fixsfsi.o)
 .debug_frame   0x000023b0       0x2c C:/ProgramFiles/ST/STM32CubeIDE_1.16.0/STM32CubeIDE/plugins/com.st.stm32cube.ide.mcu.externaltools.gnu-tools-for-stm32.12.3.rel1.win32_1.1.0.202410251130/tools/bin/../lib/gcc/arm-none-eabi/12.3.1/thumb/v6-m/nofp\libgcc.a(floatunsisf.o)
 .debug_frame   0x000023dc       0x3c C:/ProgramFiles/ST/STM32CubeIDE_1.16.0/STM32CubeIDE/plugins/com.st.stm32cube.ide.mcu.externaltools.gnu-tools-for-stm32.12.3.rel1.win32_1.1.0.202410251130/tools/bin/../lib/gcc/arm-none-eabi/12.3.1/thumb/v6-m/nofp\libgcc.a(adddf3.o)
 .debug_frame   0x00002418       0x3c C:/ProgramFiles/ST/STM32CubeIDE_1.16.0/STM32CubeIDE/plugins/com.st.stm32cube.ide.mcu.externaltools.gnu-tools-for-stm32.12.3.rel1.win32_1.1.0.202410251130/tools/bin/../lib/gcc/arm-none-eabi/12.3.1/thumb/v6-m/nofp\libgcc.a(muldf3.o)
 .debug_frame   0x00002454       0x30 C:/ProgramFiles/ST/STM32CubeIDE_1.16.0/STM32CubeIDE/plugins/com.st.stm32cube.ide.mcu.externaltools.gnu-tools-for-stm32.12.3.rel1.win32_1.1.0.202410251130/tools/bin/../lib/gcc/arm-none-eabi/12.3.1/thumb/v6-m/nofp\libgcc.a(fixdfsi.o)
 .debug_frame   0x00002484       0x2c C:/ProgramFiles/ST/STM32CubeIDE_1.16.0/STM32CubeIDE/plugins/com.st.stm32cube.ide.mcu.externaltools.gnu-tools-for-stm32.12.3.rel1.win32_1.1.0.202410251130/tools/bin/../lib/gcc/arm-none-eabi/12.3.1/thumb/v6-m/nofp\libgcc.a(floatsidf.o)
 .debug_frame   0x000024b0       0x2c C:/ProgramFiles/ST/STM32CubeIDE_1.16.0/STM32CubeIDE/plugins/com.st.stm32cube.ide.mcu.externaltools.gnu-tools-for-stm32.12.3.rel1.win32_1.1.0.202410251130/tools/bin/../lib/gcc/arm-none-eabi/12.3.1/thumb/v6-m/nofp\libgcc.a(eqsf2.o)
 .debug_frame   0x000024dc       0x2c C:/ProgramFiles/ST/STM32CubeIDE_1.16.0/STM32CubeIDE/plugins/com.st.stm32cube.ide.mcu.externaltools.gnu-tools-for-stm32.12.3.rel1.win32_1.1.0.202410251130/tools/bin/../lib/gcc/arm-none-eabi/12.3.1/thumb/v6-m/nofp\libgcc.a(gesf2.o)
 .debug_frame   0x00002508       0x2c C:/ProgramFiles/ST/STM32CubeIDE_1.16.0/STM32CubeIDE/plugins/com.st.stm32cube.ide.mcu.externaltools.gnu-tools-for-stm32.12.3.rel1.win32_1.1.0.202410251130/tools/bin/../lib/gcc/arm-none-eabi/12.3.1/thumb/v6-m/nofp\libgcc.a(lesf2.o)
