../Core/Src/main.c:88:5:main	1
../Core/Src/main.c:135:6:SystemClock_Config	3
../Core/Src/main.c:174:13:MX_TIM17_Init	2
../Core/Src/main.c:206:13:MX_USART1_UART_Init	5
../Core/Src/main.c:254:13:MX_GPIO_Init	1
../Core/Src/main.c:294:9:ANALOG_TO_DIGITAL	7
../Core/Src/main.c:333:6:MANUAL_MODE	2
../Core/Src/main.c:342:6:EXIT_DEEP_SLEEP_MODE	1
../Core/Src/main.c:348:6:SEND_VIA_UART	1
../Core/Src/main.c:369:6:HAL_GPIO_EXTI_Rising_Callback	2
../Core/Src/main.c:377:6:HAL_GPIO_EXTI_Falling_Callback	2
../Core/Src/main.c:386:6:HAL_TIM_PeriodElapsedCallback	2
../Core/Src/main.c:403:6:Error_Handler	1
