../Core/Src/main.c:106:5:main	1
../Core/Src/main.c:154:6:SystemClock_Config	3
../Core/Src/main.c:193:13:MX_TIM3_Init	4
../Core/Src/main.c:238:13:MX_TIM17_Init	2
../Core/Src/main.c:270:13:MX_USART1_UART_Init	5
../Core/Src/main.c:318:13:MX_GPIO_Init	1
../Core/Src/main.c:355:6:MODE_CHECK	1
../Core/Src/main.c:362:9:ANALOG_TO_DIGITAL	5
../Core/Src/main.c:393:6:MANUAL_MODE_FUNCTION	2
../Core/Src/main.c:400:6:SEND_VIA_UART	1
../Core/Src/main.c:417:6:HAL_GPIO_EXTI_Callback	2
../Core/Src/main.c:425:6:HAL_TIM_PeriodElapsedCallback	2
../Core/Src/main.c:444:6:Error_Handler	1
